[0.019s][info][gc] Using Parallel
[1.327s][info][gc] GC(0) Pause Young (Allocation Failure) 3M->1M(11M) 7.995ms
[18.239s][info][gc] GC(1) Pause Young (Allocation Failure) 4M->4M(11M) 7.357ms
[18.263s][info][gc] GC(2) Pause Young (Allocation Failure) 7M->4M(11M) 1.647ms
[18.296s][info][gc] GC(3) Pause Young (Allocation Failure) 7M->4M(11M) 3.455ms
[18.315s][info][gc] GC(4) Pause Young (Allocation Failure) 7M->4M(11M) 5.502ms
[18.325s][info][gc] GC(5) Pause Young (Allocation Failure) 7M->4M(10M) 2.222ms
[18.333s][info][gc] GC(6) Pause Young (Allocation Failure) 6M->5M(11M) 1.770ms
[18.336s][info][gc] GC(7) Pause Young (Allocation Failure) 7M->5M(11M) 0.390ms
[18.340s][info][gc] GC(8) Pause Young (Allocation Failure) 7M->5M(11M) 0.338ms
[18.344s][info][gc] GC(9) Pause Young (Allocation Failure) 7M->5M(11M) 0.592ms
[18.347s][info][gc] GC(10) Pause Young (Allocation Failure) 7M->5M(11M) 0.412ms
[18.350s][info][gc] GC(11) Pause Young (Allocation Failure) 7M->5M(11M) 0.231ms
[18.353s][info][gc] GC(12) Pause Young (Allocation Failure) 7M->5M(11M) 0.213ms
[352.802s][info][gc] GC(13) Pause Young (Allocation Failure) 7M->5M(11M) 4.917ms
